// Jest Snapshot v1, https://goo.gl/fbAQLP

exports[`PostsPage matches snapshot 1`] = `
<span>
  Error fetching posts
</span>
`;
